// Jest Snapshot v1, https://goo.gl/fbAQLP

exports[`Inputs for SigninForm Render email check 1`] = `ReactWrapper {}`;

exports[`Inputs for SigninForm Render password check 1`] = `ReactWrapper {}`;

exports[`Inputs for SignupForm Render email check 1`] = `ReactWrapper {}`;

exports[`Inputs for SignupForm Render password check 1`] = `ReactWrapper {}`;

exports[`Signin Form should render SignupForm 1`] = `ShallowWrapper {}`;
